Java HotSpot(TM) 64-Bit Server VM (25.261-b12) for bsd-amd64 JRE (1.8.0_261-b12), built on Jun 18 2020 06:38:55 by "java_re" with gcc 4.2.1 Compatible Apple LLVM 10.0.0 (clang-1000.11.45.5)
Memory: 4k page, physical 12582912k(2410648k free)

/proc/meminfo:

CommandLine flags: -XX:InitialHeapSize=4294967296 -XX:MaxHeapSize=4294967296 -XX:+PrintGC -XX:+PrintGCDateStamps -XX:+PrintGCDetails -XX:+PrintGCTimeStamps -XX:+UseCompressedClassPointers -XX:+UseCompressedOops -XX:+UseParallelGC 
2020-10-26T20:18:02.594-0800: 0.600: [GC (Allocation Failure) [PSYoungGen: 1048576K->174585K(1223168K)] 1048576K->233433K(4019712K), 0.0708782 secs] [Times: user=0.09 sys=0.19, real=0.07 secs] 
2020-10-26T20:18:02.830-0800: 0.836: [GC (Allocation Failure) [PSYoungGen: 1223161K->174576K(1223168K)] 1282009K->357831K(4019712K), 0.0898621 secs] [Times: user=0.10 sys=0.24, real=0.09 secs] 
2020-10-26T20:18:03.058-0800: 1.064: [GC (Allocation Failure) [PSYoungGen: 1223152K->174591K(1223168K)] 1406407K->490368K(4019712K), 0.0638384 secs] [Times: user=0.14 sys=0.10, real=0.07 secs] 
Heap
 PSYoungGen      total 1223168K, used 217117K [0x000000076ab00000, 0x00000007c0000000, 0x00000007c0000000)
  eden space 1048576K, 4% used [0x000000076ab00000,0x000000076d487800,0x00000007aab00000)
  from space 174592K, 99% used [0x00000007aab00000,0x00000007b557fd28,0x00000007b5580000)
  to   space 174592K, 0% used [0x00000007b5580000,0x00000007b5580000,0x00000007c0000000)
 ParOldGen       total 2796544K, used 315777K [0x00000006c0000000, 0x000000076ab00000, 0x000000076ab00000)
  object space 2796544K, 11% used [0x00000006c0000000,0x00000006d3460488,0x000000076ab00000)
 Metaspace       used 2732K, capacity 4486K, committed 4864K, reserved 1056768K
  class space    used 296K, capacity 386K, committed 512K, reserved 1048576K
