Java HotSpot(TM) 64-Bit Server VM (25.261-b12) for bsd-amd64 JRE (1.8.0_261-b12), built on Jun 18 2020 06:38:55 by "java_re" with gcc 4.2.1 Compatible Apple LLVM 10.0.0 (clang-1000.11.45.5)
Memory: 4k page, physical 12582912k(2475632k free)

/proc/meminfo:

CommandLine flags: -XX:InitialHeapSize=4294967296 -XX:MaxHeapSize=4294967296 -XX:+PrintGC -XX:+PrintGCDateStamps -XX:+PrintGCDetails -XX:+PrintGCTimeStamps -XX:+UseCompressedClassPointers -XX:+UseCompressedOops -XX:+UseSerialGC 
2020-10-26T20:19:42.504-0800: 0.637: [GC (Allocation Failure) 2020-10-26T20:19:42.504-0800: 0.637: [DefNew: 1118528K->139776K(1258304K), 0.1301866 secs] 1118528K->241882K(4054528K), 0.1302774 secs] [Times: user=0.08 sys=0.06, real=0.13 secs] 
2020-10-26T20:19:42.805-0800: 0.939: [GC (Allocation Failure) 2020-10-26T20:19:42.805-0800: 0.939: [DefNew: 1258304K->139776K(1258304K), 0.1561024 secs] 1360410K->402488K(4054528K), 0.1561814 secs] [Times: user=0.09 sys=0.06, real=0.16 secs] 
Heap
 def new generation   total 1258304K, used 184884K [0x00000006c0000000, 0x0000000715550000, 0x0000000715550000)
  eden space 1118528K,   4% used [0x00000006c0000000, 0x00000006c2c0d360, 0x0000000704450000)
  from space 139776K, 100% used [0x0000000704450000, 0x000000070ccd0000, 0x000000070ccd0000)
  to   space 139776K,   0% used [0x000000070ccd0000, 0x000000070ccd0000, 0x0000000715550000)
 tenured generation   total 2796224K, used 262712K [0x0000000715550000, 0x00000007c0000000, 0x00000007c0000000)
   the space 2796224K,   9% used [0x0000000715550000, 0x00000007255de248, 0x00000007255de400, 0x00000007c0000000)
 Metaspace       used 2732K, capacity 4486K, committed 4864K, reserved 1056768K
  class space    used 296K, capacity 386K, committed 512K, reserved 1048576K
