Java HotSpot(TM) 64-Bit Server VM (25.261-b12) for bsd-amd64 JRE (1.8.0_261-b12), built on Jun 18 2020 06:38:55 by "java_re" with gcc 4.2.1 Compatible Apple LLVM 10.0.0 (clang-1000.11.45.5)
Memory: 4k page, physical 12582912k(2479692k free)

/proc/meminfo:

CommandLine flags: -XX:InitialHeapSize=536870912 -XX:MaxHeapSize=536870912 -XX:+PrintGC -XX:+PrintGCDateStamps -XX:+PrintGCDetails -XX:+PrintGCTimeStamps -XX:+UseCompressedClassPointers -XX:+UseCompressedOops -XX:+UseSerialGC 
2020-10-26T20:19:47.897-0800: 0.165: [GC (Allocation Failure) 2020-10-26T20:19:47.897-0800: 0.165: [DefNew: 139776K->17472K(157248K), 0.0230622 secs] 139776K->44181K(506816K), 0.0231517 secs] [Times: user=0.02 sys=0.01, real=0.03 secs] 
2020-10-26T20:19:47.940-0800: 0.208: [GC (Allocation Failure) 2020-10-26T20:19:47.940-0800: 0.208: [DefNew: 157248K->17471K(157248K), 0.0323317 secs] 183957K->90847K(506816K), 0.0324085 secs] [Times: user=0.02 sys=0.02, real=0.03 secs] 
2020-10-26T20:19:47.991-0800: 0.258: [GC (Allocation Failure) 2020-10-26T20:19:47.991-0800: 0.258: [DefNew: 157247K->17471K(157248K), 0.0236903 secs] 230623K->132510K(506816K), 0.0237610 secs] [Times: user=0.02 sys=0.00, real=0.02 secs] 
2020-10-26T20:19:48.032-0800: 0.300: [GC (Allocation Failure) 2020-10-26T20:19:48.032-0800: 0.300: [DefNew: 157247K->17471K(157248K), 0.0271556 secs] 272286K->182371K(506816K), 0.0272236 secs] [Times: user=0.01 sys=0.01, real=0.02 secs] 
2020-10-26T20:19:48.078-0800: 0.345: [GC (Allocation Failure) 2020-10-26T20:19:48.078-0800: 0.345: [DefNew: 157247K->17471K(157248K), 0.0233621 secs] 322147K->224815K(506816K), 0.0234318 secs] [Times: user=0.02 sys=0.01, real=0.03 secs] 
2020-10-26T20:19:48.120-0800: 0.388: [GC (Allocation Failure) 2020-10-26T20:19:48.120-0800: 0.388: [DefNew: 157247K->17470K(157248K), 0.0258386 secs] 364591K->271415K(506816K), 0.0259150 secs] [Times: user=0.01 sys=0.01, real=0.02 secs] 
2020-10-26T20:19:48.165-0800: 0.433: [GC (Allocation Failure) 2020-10-26T20:19:48.165-0800: 0.433: [DefNew: 157246K->17469K(157248K), 0.0254805 secs] 411191K->317284K(506816K), 0.0255426 secs] [Times: user=0.02 sys=0.01, real=0.03 secs] 
2020-10-26T20:19:48.209-0800: 0.477: [GC (Allocation Failure) 2020-10-26T20:19:48.209-0800: 0.477: [DefNew: 157245K->157245K(157248K), 0.0000209 secs]2020-10-26T20:19:48.209-0800: 0.477: [Tenured: 299815K->271683K(349568K), 0.0482291 secs] 457060K->271683K(506816K), [Metaspace: 2725K->2725K(1056768K)], 0.0483414 secs] [Times: user=0.05 sys=0.00, real=0.05 secs] 
2020-10-26T20:19:48.278-0800: 0.545: [GC (Allocation Failure) 2020-10-26T20:19:48.278-0800: 0.545: [DefNew: 139776K->17471K(157248K), 0.0071957 secs] 411459K->317343K(506816K), 0.0072851 secs] [Times: user=0.00 sys=0.00, real=0.01 secs] 
2020-10-26T20:19:48.302-0800: 0.570: [GC (Allocation Failure) 2020-10-26T20:19:48.303-0800: 0.570: [DefNew: 156998K->156998K(157248K), 0.0000139 secs]2020-10-26T20:19:48.303-0800: 0.570: [Tenured: 299871K->304062K(349568K), 0.0441619 secs] 456870K->304062K(506816K), [Metaspace: 2725K->2725K(1056768K)], 0.0442720 secs] [Times: user=0.05 sys=0.00, real=0.04 secs] 
2020-10-26T20:19:48.364-0800: 0.632: [GC (Allocation Failure) 2020-10-26T20:19:48.364-0800: 0.632: [DefNew: 139776K->139776K(157248K), 0.0000148 secs]2020-10-26T20:19:48.364-0800: 0.632: [Tenured: 304062K->318867K(349568K), 0.0494713 secs] 443838K->318867K(506816K), [Metaspace: 2725K->2725K(1056768K)], 0.0495650 secs] [Times: user=0.05 sys=0.00, real=0.05 secs] 
2020-10-26T20:19:48.432-0800: 0.700: [GC (Allocation Failure) 2020-10-26T20:19:48.432-0800: 0.700: [DefNew: 139776K->139776K(157248K), 0.0000149 secs]2020-10-26T20:19:48.432-0800: 0.700: [Tenured: 318867K->314947K(349568K), 0.0469735 secs] 458643K->314947K(506816K), [Metaspace: 2725K->2725K(1056768K)], 0.0470772 secs] [Times: user=0.05 sys=0.00, real=0.04 secs] 
2020-10-26T20:19:48.497-0800: 0.765: [GC (Allocation Failure) 2020-10-26T20:19:48.497-0800: 0.765: [DefNew: 139776K->139776K(157248K), 0.0000140 secs]2020-10-26T20:19:48.497-0800: 0.765: [Tenured: 314947K->339034K(349568K), 0.0403008 secs] 454723K->339034K(506816K), [Metaspace: 2725K->2725K(1056768K)], 0.0403944 secs] [Times: user=0.04 sys=0.01, real=0.04 secs] 
2020-10-26T20:19:48.557-0800: 0.824: [GC (Allocation Failure) 2020-10-26T20:19:48.557-0800: 0.824: [DefNew: 139776K->139776K(157248K), 0.0000141 secs]2020-10-26T20:19:48.557-0800: 0.824: [Tenured: 339034K->346000K(349568K), 0.0438408 secs] 478810K->346000K(506816K), [Metaspace: 2725K->2725K(1056768K)], 0.0439352 secs] [Times: user=0.04 sys=0.00, real=0.05 secs] 
2020-10-26T20:19:48.619-0800: 0.887: [GC (Allocation Failure) 2020-10-26T20:19:48.619-0800: 0.887: [DefNew: 139637K->139637K(157248K), 0.0000147 secs]2020-10-26T20:19:48.619-0800: 0.887: [Tenured: 346000K->349426K(349568K), 0.0455054 secs] 485638K->351781K(506816K), [Metaspace: 2725K->2725K(1056768K)], 0.0456213 secs] [Times: user=0.04 sys=0.00, real=0.05 secs] 
2020-10-26T20:19:48.683-0800: 0.951: [Full GC (Allocation Failure) 2020-10-26T20:19:48.683-0800: 0.951: [Tenured: 349426K->342361K(349568K), 0.0540614 secs] 506642K->342361K(506816K), [Metaspace: 2725K->2725K(1056768K)], 0.0541424 secs] [Times: user=0.06 sys=0.00, real=0.05 secs] 
2020-10-26T20:19:48.755-0800: 1.023: [GC (Allocation Failure) 2020-10-26T20:19:48.755-0800: 1.023: [DefNew: 139607K->139607K(157248K), 0.0000184 secs]2020-10-26T20:19:48.755-0800: 1.023: [Tenured: 342361K->349352K(349568K), 0.0351456 secs] 481968K->371282K(506816K), [Metaspace: 2725K->2725K(1056768K)], 0.0352696 secs] [Times: user=0.04 sys=0.00, real=0.04 secs] 
2020-10-26T20:19:48.807-0800: 1.075: [Full GC (Allocation Failure) 2020-10-26T20:19:48.807-0800: 1.075: [Tenured: 349352K->349432K(349568K), 0.0457653 secs] 506415K->378000K(506816K), [Metaspace: 2725K->2725K(1056768K)], 0.0458613 secs] [Times: user=0.05 sys=0.00, real=0.05 secs] 
Heap
 def new generation   total 157248K, used 34721K [0x00000007a0000000, 0x00000007aaaa0000, 0x00000007aaaa0000)
  eden space 139776K,  24% used [0x00000007a0000000, 0x00000007a21e87e0, 0x00000007a8880000)
  from space 17472K,   0% used [0x00000007a8880000, 0x00000007a8880000, 0x00000007a9990000)
  to   space 17472K,   0% used [0x00000007a9990000, 0x00000007a9990000, 0x00000007aaaa0000)
 tenured generation   total 349568K, used 349432K [0x00000007aaaa0000, 0x00000007c0000000, 0x00000007c0000000)
   the space 349568K,  99% used [0x00000007aaaa0000, 0x00000007bffde1b0, 0x00000007bffde200, 0x00000007c0000000)
 Metaspace       used 2732K, capacity 4486K, committed 4864K, reserved 1056768K
  class space    used 296K, capacity 386K, committed 512K, reserved 1048576K
